// Jest Snapshot v1, https://goo.gl/fbAQLP

exports[`Alert should render correctly 1`] = `
<div
  class="sc-bdfBQB bGUESE"
  data-testid="alert"
>
  Alert
</div>
`;
