// Jest Snapshot v1, https://goo.gl/fbAQLP

exports[`Input Should render the component 1`] = `
<input
  class="sc-gsTEea entQzz"
  placeholder="Text content for input"
/>
`;
