// Jest Snapshot v1, https://goo.gl/fbAQLP

exports[`Link should render correctly 1`] = `
<a
  class="sc-bdfBQB fsnmib"
  href="https://correta.app"
>
  Link
</a>
`;
